Analyzing poshit...                                             

warning - The operand can't be 'null', so the condition is always 'true' - lib\bluetooth_printer_android.dart:16:24 - unnecessary_null_comparison
warning - The '!' will have no effect because the receiver can't be null - lib\bluetooth_printer_android.dart:16:41 - unnecessary_non_null_assertion
warning - The '!' will have no effect because the receiver can't be null - lib\bluetooth_printer_android.dart:17:29 - unnecessary_non_null_assertion
warning - The left operand can't be null, so the right operand is never executed - lib\bluetooth_printer_android.dart:18:37 - dead_null_aware_expression
warning - The left operand can't be null, so the right operand is never executed - lib\bluetooth_printer_android.dart:19:30 - dead_null_aware_expression
warning - The matched value type 'ConnectState' can never be equal to this constant of type 'String' - lib\bluetooth_printer_android.dart:35:16 - constant_pattern_never_matches_value_type
warning - The matched value type 'ConnectState' can never be equal to this constant of type 'String' - lib\bluetooth_printer_android.dart:37:16 - constant_pattern_never_matches_value_type
warning - The matched value type 'ConnectState' can never be equal to this constant of type 'String' - lib\bluetooth_printer_android.dart:39:16 - constant_pattern_never_matches_value_type
warning - The value of the field '_selectedPrinterType' isn't used - lib\screens\receipt_preview_screen.dart:39:10 - unused_field
warning - The left operand can't be null, so the right operand is never executed - lib\screens\receipt_preview_screen.dart:531:52 - dead_null_aware_expression
warning - The left operand can't be null, so the right operand is never executed - lib\screens\receipt_preview_screen.dart:531:70 - dead_null_aware_expression
   info - 'onPopInvoked' is deprecated and shouldn't be used. Use onPopInvokedWithResult instead. This feature was deprecated after v3.22.0-12.0.pre - lib\screens\settings_screen.dart:253:7 - deprecated_member_use
  error - The expression doesn't evaluate to a function, so it can't be invoked - lib\screens\settings_screen.dart:256:11 - invocation_of_non_function_expression
  error - The expression doesn't evaluate to a function, so it can't be invoked - lib\screens\settings_screen.dart:258:11 - invocation_of_non_function_expression
   info - Don't use 'BuildContext's across async gaps, guarded by an unrelated 'mounted' check - lib\screens\settings_screen.dart:269:30 - use_build_context_synchronously
   info - Don't use 'BuildContext's across async gaps - lib\screens\settings_screen.dart:330:54 - use_build_context_synchronously
   info - Don't use 'BuildContext's across async gaps, guarded by an unrelated 'mounted' check - lib\screens\transaction_list_screen.dart:190:31 - use_build_context_synchronously
warning - Unused import: 'package:poshit/models/product.dart' - lib\services\transaction_service.dart:4:8 - unused_import
warning - Unused import: 'package:poshit/services/product_service.dart' - lib\services\transaction_service.dart:5:8 - unused_import
warning - Unused import: 'package:flutter/material.dart' - test\widget_test.dart:8:8 - unused_import
warning - Unused import: 'package:poshit/main.dart' - test\widget_test.dart:11:8 - unused_import

